[
  {
    "type": "windows-program",
    "namespace": null,
    "name": "Python 3.9.5 Tcl/Tk Support (64-bit)",
    "version": "3.9.5150.0",
    "qualifiers": {},
    "subpath": null,
    "primary_language": null,
    "description": null,
    "release_date": null,
    "parties": [
      {
        "type": null,
        "role": "publisher",
        "name": "Python Software Foundation",
        "email": null,
        "url": null
      }
    ],
    "keywords": [],
    "homepage_url": null,
    "download_url": null,
    "size": null,
    "sha1": null,
    "md5": null,
    "sha256": null,
    "sha512": null,
    "bug_tracking_url": null,
    "code_view_url": null,
    "vcs_url": null,
    "copyright": null,
    "license_expression": null,
    "declared_license": null,
    "notice_text": null,
    "root_path": null,
    "dependencies": [],
    "contains_source_code": null,
    "source_packages": [],
    "extra_data": {},
    "purl": "pkg:windows-program/Python%203.9.5%20Tcl/Tk%20Support%20%2864-bit%29@3.9.5150.0",
    "repository_homepage_url": null,
    "repository_download_url": null,
    "api_data_url": null
  },
  {
    "type": "windows-program",
    "namespace": null,
    "name": "Python 3.9.5 Utility Scripts (64-bit)",
    "version": "3.9.5150.0",
    "qualifiers": {},
    "subpath": null,
    "primary_language": null,
    "description": null,
    "release_date": null,
    "parties": [
      {
        "type": null,
        "role": "publisher",
        "name": "Python Software Foundation",
        "email": null,
        "url": null
      }
    ],
    "keywords": [],
    "homepage_url": null,
    "download_url": null,
    "size": null,
    "sha1": null,
    "md5": null,
    "sha256": null,
    "sha512": null,
    "bug_tracking_url": null,
    "code_view_url": null,
    "vcs_url": null,
    "copyright": null,
    "license_expression": null,
    "declared_license": null,
    "notice_text": null,
    "root_path": null,
    "dependencies": [],
    "contains_source_code": null,
    "source_packages": [],
    "extra_data": {},
    "purl": "pkg:windows-program/Python%203.9.5%20Utility%20Scripts%20%2864-bit%29@3.9.5150.0",
    "repository_homepage_url": null,
    "repository_download_url": null,
    "api_data_url": null
  },
  {
    "type": "windows-program",
    "namespace": null,
    "name": "Python 3.9.5 Add to Path (64-bit)",
    "version": "3.9.5150.0",
    "qualifiers": {},
    "subpath": null,
    "primary_language": null,
    "description": null,
    "release_date": null,
    "parties": [
      {
        "type": null,
        "role": "publisher",
        "name": "Python Software Foundation",
        "email": null,
        "url": null
      }
    ],
    "keywords": [],
    "homepage_url": null,
    "download_url": null,
    "size": null,
    "sha1": null,
    "md5": null,
    "sha256": null,
    "sha512": null,
    "bug_tracking_url": null,
    "code_view_url": null,
    "vcs_url": null,
    "copyright": null,
    "license_expression": null,
    "declared_license": null,
    "notice_text": null,
    "root_path": null,
    "dependencies": [],
    "contains_source_code": null,
    "source_packages": [],
    "extra_data": {},
    "purl": "pkg:windows-program/Python%203.9.5%20Add%20to%20Path%20%2864-bit%29@3.9.5150.0",
    "repository_homepage_url": null,
    "repository_download_url": null,
    "api_data_url": null
  },
  {
    "type": "windows-program",
    "namespace": null,
    "name": "Python 3.9.5 Executables (64-bit)",
    "version": "3.9.5150.0",
    "qualifiers": {},
    "subpath": null,
    "primary_language": null,
    "description": null,
    "release_date": null,
    "parties": [
      {
        "type": null,
        "role": "publisher",
        "name": "Python Software Foundation",
        "email": null,
        "url": null
      }
    ],
    "keywords": [],
    "homepage_url": null,
    "download_url": null,
    "size": null,
    "sha1": null,
    "md5": null,
    "sha256": null,
    "sha512": null,
    "bug_tracking_url": null,
    "code_view_url": null,
    "vcs_url": null,
    "copyright": null,
    "license_expression": null,
    "declared_license": null,
    "notice_text": null,
    "root_path": null,
    "dependencies": [],
    "contains_source_code": null,
    "source_packages": [],
    "extra_data": {},
    "purl": "pkg:windows-program/Python%203.9.5%20Executables%20%2864-bit%29@3.9.5150.0",
    "repository_homepage_url": null,
    "repository_download_url": null,
    "api_data_url": null
  },
  {
    "type": "windows-program",
    "namespace": null,
    "name": "Python 3.9.5 Development Libraries (64-bit)",
    "version": "3.9.5150.0",
    "qualifiers": {},
    "subpath": null,
    "primary_language": null,
    "description": null,
    "release_date": null,
    "parties": [
      {
        "type": null,
        "role": "publisher",
        "name": "Python Software Foundation",
        "email": null,
        "url": null
      }
    ],
    "keywords": [],
    "homepage_url": null,
    "download_url": null,
    "size": null,
    "sha1": null,
    "md5": null,
    "sha256": null,
    "sha512": null,
    "bug_tracking_url": null,
    "code_view_url": null,
    "vcs_url": null,
    "copyright": null,
    "license_expression": null,
    "declared_license": null,
    "notice_text": null,
    "root_path": null,
    "dependencies": [],
    "contains_source_code": null,
    "source_packages": [],
    "extra_data": {},
    "purl": "pkg:windows-program/Python%203.9.5%20Development%20Libraries%20%2864-bit%29@3.9.5150.0",
    "repository_homepage_url": null,
    "repository_download_url": null,
    "api_data_url": null
  },
  {
    "type": "windows-program",
    "namespace": null,
    "name": "Python 3.9.5 Standard Library (64-bit)",
    "version": "3.9.5150.0",
    "qualifiers": {},
    "subpath": null,
    "primary_language": null,
    "description": null,
    "release_date": null,
    "parties": [
      {
        "type": null,
        "role": "publisher",
        "name": "Python Software Foundation",
        "email": null,
        "url": null
      }
    ],
    "keywords": [],
    "homepage_url": null,
    "download_url": null,
    "size": null,
    "sha1": null,
    "md5": null,
    "sha256": null,
    "sha512": null,
    "bug_tracking_url": null,
    "code_view_url": null,
    "vcs_url": null,
    "copyright": null,
    "license_expression": null,
    "declared_license": null,
    "notice_text": null,
    "root_path": null,
    "dependencies": [],
    "contains_source_code": null,
    "source_packages": [],
    "extra_data": {},
    "purl": "pkg:windows-program/Python%203.9.5%20Standard%20Library%20%2864-bit%29@3.9.5150.0",
    "repository_homepage_url": null,
    "repository_download_url": null,
    "api_data_url": null
  },
  {
    "type": "windows-program",
    "namespace": null,
    "name": "Python 3.9.5 Core Interpreter (64-bit)",
    "version": "3.9.5150.0",
    "qualifiers": {},
    "subpath": null,
    "primary_language": null,
    "description": null,
    "release_date": null,
    "parties": [
      {
        "type": null,
        "role": "publisher",
        "name": "Python Software Foundation",
        "email": null,
        "url": null
      }
    ],
    "keywords": [],
    "homepage_url": null,
    "download_url": null,
    "size": null,
    "sha1": null,
    "md5": null,
    "sha256": null,
    "sha512": null,
    "bug_tracking_url": null,
    "code_view_url": null,
    "vcs_url": null,
    "copyright": null,
    "license_expression": null,
    "declared_license": null,
    "notice_text": null,
    "root_path": null,
    "dependencies": [],
    "contains_source_code": null,
    "source_packages": [],
    "extra_data": {},
    "purl": "pkg:windows-program/Python%203.9.5%20Core%20Interpreter%20%2864-bit%29@3.9.5150.0",
    "repository_homepage_url": null,
    "repository_download_url": null,
    "api_data_url": null
  }
]