{
  "type": "msi",
  "namespace": null,
  "name": "7-Zip (x64 edition) Package",
  "version": null,
  "qualifiers": {},
  "subpath": null,
  "primary_language": null,
  "description": "7-Zip (x64 edition) Package",
  "release_date": null,
  "parties": [
    {
      "type": null,
      "role": "author",
      "name": "Igor Pavlov",
      "email": null,
      "url": null
    }
  ],
  "keywords": "Installer",
  "homepage_url": null,
  "download_url": null,
  "size": null,
  "sha1": null,
  "md5": null,
  "sha256": null,
  "sha512": null,
  "bug_tracking_url": null,
  "code_view_url": null,
  "vcs_url": null,
  "copyright": null,
  "license_expression": null,
  "declared_license": null,
  "notice_text": null,
  "root_path": null,
  "dependencies": [],
  "contains_source_code": null,
  "source_packages": [],
  "extra_data": {
    "Title": "Installation Database",
    "Subject": "7-Zip (x64 edition) Package",
    "Author": "Igor Pavlov",
    "Keywords": "Installer",
    "Comments": "7-Zip (x64 edition) Package",
    "Template": "x64;1033",
    "Revision number (UUID)": "{23170F69-40C1-2702-1900-000002000000}",
    "Created": "Fri Feb 22 06:28:57 2019",
    "Last saved": "Fri Feb 22 06:28:57 2019",
    "Version": "200 (c8)",
    "Source": "2 (2)",
    "Application": "Windows Installer XML v2.0.3719.0 (candle/light)",
    "Security": "2 (2)"
  },
  "purl": "pkg:msi/7-Zip%20%28x64%20edition%29%20Package",
  "repository_homepage_url": null,
  "repository_download_url": null,
  "api_data_url": null
}